1. in about 5sec it made 29 caputres here are the logs from anroid, â•â•â•â•â•â•â•â•â•â•â•â•â•â•â•â•â•â•â•â•â•â•â•â•â•â•â•â•â•â•â•â•â•â•â•â•â•â•â•â•â•â•â•â•â•â•â•â•â•â•â•â•â•â•â•â•

12-29 10:49:28.076  9808  9808 D AllotAccessibility: âœ… â•â•â•â•â•â•â•â•â•â•â•â•â•â•â•â•â•â•â•â•â•â•â•â•â•â•â•â•â•â•â•â•â•â•â•â•â•â•â•

12-29 10:49:28.077  9808  9808 D AllotAccessibility: âœ… ACCESSIBILITY SERVICE CONNECTED

12-29 10:49:28.077  9808  9808 D AllotAccessibility: âœ… â•â•â•â•â•â•â•â•â•â•â•â•â•â•â•â•â•â•â•â•â•â•â•â•â•â•â•â•â•â•â•â•â•â•â•â•â•â•â•

12-29 10:49:28.077  9808  9808 D AllotAccessibility: âœ… Service instance set: true

12-29 10:49:28.078  9808  9808 D AllotAccessibility: âœ… WindowManager ready: true

12-29 10:49:28.078  9808  9808 D AllotAccessibility: âœ… Service is now available for content blocking

12-29 10:49:28.078  9808  9808 D AllotAccessibility: âœ… â•â•â•â•â•â•â•â•â•â•â•â•â•â•â•â•â•â•â•â•â•â•â•â•â•â•â•â•â•â•â•â•â•â•â•â•â•â•â•

12-29 10:49:28.579  9942  9942 W AppInitScheduler|Schedule: Schedule 144:MarkSequentialLoadComplete, deps=[57] (51 pending tasks)

12-29 10:49:29.357  9942  9990 W AppInitScheduler|Schedule:   Executing 144:MarkSequentialLoadComplete

12-29 10:49:29.357  9942  9989 W AppInitScheduler|Run: Running MarkSequentialLoadComplete

12-29 10:49:29.358  9942  9989 W AppInitScheduler|Run:   Finished MarkSequentialLoadComplete in 1ms

12-29 10:49:44.533  9808 10696 I ExpoModulesCore: âœ… AppContext was initialized

12-29 10:49:48.332  9808 10847 I ExpoModulesCore: âœ… JSI interop was installed

12-29 10:49:48.343  9808 10847 I ExpoModulesCore: âœ… Constants were exported

12-29 10:50:07.566  9808  9808 D AllotPermissions: âœ… Screen capture permission GRANTED - stored in holder

12-29 10:50:09.377  9808 11204 D ScreenCaptureModule: ğŸš€ Starting foreground service...

12-29 10:50:09.392  9808  9808 D ScreenCaptureService: âœ… ScreenCaptureService created

12-29 10:50:09.400  9808  9808 D ScreenCaptureService: ğŸ”‹ WakeLock acquired

12-29 10:50:09.401  9808  9808 D ScreenCaptureService: ğŸš€ ScreenCaptureService started

12-29 10:50:09.426  9808  9808 D ScreenCaptureService: ğŸ”„ Background processing started

12-29 10:50:09.889  9808 11204 D ScreenCaptureModule: âœ… MediaProjection created successfully

12-29 10:50:10.003  9808  9808 D ScreenCaptureModule: âœ… VirtualDisplay created successfully

12-29 10:50:10.004  9808  9808 D ScreenCaptureModule: âœ… Image capture setup completed

12-29 10:50:10.004  9808  9808 D ScreenCaptureModule: âœ… Service callbacks connected (hot + cold paths)

12-29 10:50:10.004  9808  9808 D ScreenCaptureModule: âœ… Service callbacks connected

12-29 10:50:10.008  9808  9808 D ScreenCaptureService: ğŸ¬ Starting SEQUENTIAL processing loop (no fixed interval)

12-29 10:50:10.008  9808  9808 D ScreenCaptureService: ğŸŒ Backend: GROQ LLM ENABLED

12-29 10:50:10.008  9808  9808 D ScreenCaptureService: ğŸ¤– Text Extraction: LOCAL ML KIT (replaces Google Vision API)

12-29 10:50:10.010  9808  9808 D ScreenCaptureModule: âœ… Screen capture started successfully

12-29 10:50:10.011  9808 10853 D ScreenCaptureService: ğŸ”„ Starting TRULY sequential processing - one cycle at a time

12-29 10:50:10.011  9808 10853 D ScreenCaptureService: 

12-29 10:50:10.012  9808 10853 D ScreenCaptureService: ğŸ”„ â•â•â• STARTING NEW CYCLE â•â•â•

12-29 10:50:10.013  9808 10847 I ReactNativeJS: ğŸ”„ Starting sequential loop...

12-29 10:50:10.020  9808 10853 D ScreenCaptureService: âœ… â•â•â• CYCLE COMPLETE (9ms) â•â•â•

12-29 10:50:10.020  9808 10853 D ScreenCaptureService: 

12-29 10:50:10.020  9808 10853 D ScreenCaptureService: â³ Waiting 3000ms before next cycle...

12-29 10:50:10.021  9808 10854 D ScreenCaptureService: ğŸ¬ Processing frame started...

12-29 10:50:10.021  9808 10854 V ScreenCaptureService: âš ï¸ HOT PATH: No direct bitmap available, trying cold path...

12-29 10:50:10.021  9808 10854 D ScreenCaptureService: â„ï¸ COLD PATH: Triggering frame capture...

12-29 10:50:10.024  9808  9808 V ScreenCaptureModule: ğŸ¯ Frame requested by service

12-29 10:50:10.114  9808 11207 D ScreenCaptureModule: ğŸ¯ Processing continuous frame

12-29 10:50:10.185  9808 10854 W ScreenCaptureService: â„ï¸ COLD PATH: No frame available

12-29 10:50:10.185  9808 10854 W ScreenCaptureService: â­ï¸ No frame/bitmap available for processing

12-29 10:50:10.185  9808 10854 D ScreenCaptureService: âœ… Frame processing completed in 164ms

12-29 10:50:10.186  9808 10854 D ScreenCaptureService: ğŸ Frame processing flag cleared

12-29 10:50:10.288  9808 11207 V ScreenCaptureModule: ğŸ“¸ Continuous frame updated: 720x1600 at 1766998210287

12-29 10:50:10.299  9808 11207 D ScreenCaptureModule: ğŸ¯ Processing continuous frame

12-29 10:50:10.302  9808 10847 I ReactNativeJS: 'ğŸ“¸ [2025-12-29T08:50:10.299Z] Screen captured:', '720x1600'

12-29 10:50:10.304  9808 10847 I ReactNativeJS: 'ğŸ” [2025-12-29T08:50:10.299Z] captureLoop state:', false

12-29 10:50:10.307  9808 10847 I ReactNativeJS: ğŸ”„ [2025-12-29T08:50:10.299Z] Starting automatic processing...

12-29 10:50:10.323  9808 10847 I ReactNativeJS: ğŸ¤– [2025-12-29T08:50:10.320Z] Starting Local ML Kit text extraction...

12-29 10:50:10.327  9808 10848 D SmartDetectionModule: ğŸ” Starting ML Kit text extraction...

12-29 10:50:10.438  9808 11207 V ScreenCaptureModule: ğŸ“¸ Continuous frame updated: 720x1600 at 1766998210438

12-29 10:50:10.447  9808 11207 D ScreenCaptureModule: ğŸ¯ Processing continuous frame

12-29 10:50:10.592  9808 11207 V ScreenCaptureModule: ğŸ“¸ Continuous frame updated: 720x1600 at 1766998210592

12-29 10:50:10.603  9808 11207 D ScreenCaptureModule: ğŸ¯ Processing continuous frame

12-29 10:50:10.722  9808 11207 V ScreenCaptureModule: ğŸ“¸ Continuous frame updated: 720x1600 at 1766998210722

12-29 10:50:10.842  9808 10847 I ReactNativeJS: 'ğŸ“¸ [2025-12-29T08:50:10.840Z] Screen captured:', '720x1600'

12-29 10:50:10.843  9808 10847 I ReactNativeJS: 'ğŸ” [2025-12-29T08:50:10.840Z] captureLoop state:', false

12-29 10:50:10.848  9808 10847 I ReactNativeJS: 'ğŸ“¸ [2025-12-29T08:50:10.846Z] Screen captured:', '720x1600'

12-29 10:50:10.849  9808 10847 I ReactNativeJS: 'ğŸ” [2025-12-29T08:50:10.846Z] captureLoop state:', false

12-29 10:50:10.853  9808 10847 I ReactNativeJS: 'ğŸ“¸ [2025-12-29T08:50:10.852Z] Screen captured:', '720x1600'

12-29 10:50:10.855  9808 10847 I ReactNativeJS: 'ğŸ” [2025-12-29T08:50:10.852Z] captureLoop state:', false

12-29 10:50:11.082  9808 11207 D ScreenCaptureModule: ğŸ¯ Processing continuous frame

12-29 10:50:11.207  9808 11207 V ScreenCaptureModule: ğŸ“¸ Continuous frame updated: 720x1600 at 1766998211207

12-29 10:50:11.213  9808 10847 I ReactNativeJS: 'ğŸ“¸ [2025-12-29T08:50:11.211Z] Screen captured:', '720x1600'

12-29 10:50:11.214  9808 10847 I ReactNativeJS: 'ğŸ” [2025-12-29T08:50:11.211Z] captureLoop state:', false

12-29 10:50:11.289  9808 11207 D ScreenCaptureModule: ğŸ¯ Processing continuous frame

12-29 10:50:11.413  9808 10847 I ReactNativeJS: ğŸ¯ Triggering first capture...

12-29 10:50:11.416  9808 10847 I ReactNativeJS: ğŸ¯ [2025-12-29T08:50:11.415Z] Calling captureNextFrame...

12-29 10:50:11.421  9808 10848 D ScreenCaptureModule: ğŸ¯ Requesting next frame capture...

12-29 10:50:11.465  9808 11207 V ScreenCaptureModule: ğŸ“¸ Continuous frame updated: 720x1600 at 1766998211465

12-29 10:50:11.469  9808 11207 D ScreenCaptureModule: âœ… Frame captured and promise resolved: 720x1600

12-29 10:50:11.470  9808 10847 I ReactNativeJS: 'ğŸ“¸ [2025-12-29T08:50:11.469Z] Screen captured:', '720x1600'

12-29 10:50:11.472  9808 10847 I ReactNativeJS: 'ğŸ” [2025-12-29T08:50:11.469Z] captureLoop state:', false

12-29 10:50:11.476  9808 10847 I ReactNativeJS: âœ… [2025-12-29T08:50:11.415Z] captureNextFrame completed

12-29 10:50:11.477  9808 11207 D ScreenCaptureModule: ğŸ¯ Processing continuous frame

12-29 10:50:11.602  9808 11207 V ScreenCaptureModule: ğŸ“¸ Continuous frame updated: 720x1600 at 1766998211602

12-29 10:50:11.613  9808 11207 D ScreenCaptureModule: ğŸ¯ Processing continuous frame

12-29 10:50:11.664  9808 10847 I ReactNativeJS: 'ğŸ“¸ [2025-12-29T08:50:11.662Z] Screen captured:', '720x1600'

12-29 10:50:11.667  9808 10847 I ReactNativeJS: 'ğŸ” [2025-12-29T08:50:11.662Z] captureLoop state:', false

12-29 10:50:11.750  9808 11207 V ScreenCaptureModule: ğŸ“¸ Continuous frame updated: 720x1600 at 1766998211750

12-29 10:50:11.759  9808 11207 D ScreenCaptureModule: ğŸ¯ Processing continuous frame

12-29 10:50:11.845  9808 10847 I ReactNativeJS: 'ğŸ“¸ [2025-12-29T08:50:11.843Z] Screen captured:', '720x1600'

12-29 10:50:11.847  9808 10847 I ReactNativeJS: 'ğŸ” [2025-12-29T08:50:11.843Z] captureLoop state:', false

12-29 10:50:11.880  9808 11207 V ScreenCaptureModule: ğŸ“¸ Continuous frame updated: 720x1600 at 1766998211880

12-29 10:50:11.891  9808 11207 D ScreenCaptureModule: ğŸ¯ Processing continuous frame

12-29 10:50:12.033  9808 11207 V ScreenCaptureModule: ğŸ“¸ Continuous frame updated: 720x1600 at 1766998212032

12-29 10:50:12.036  9808 10847 I ReactNativeJS: 'ğŸ“¸ [2025-12-29T08:50:12.034Z] Screen captured:', '720x1600'

12-29 10:50:12.038  9808 10847 I ReactNativeJS: 'ğŸ” [2025-12-29T08:50:12.034Z] captureLoop state:', false

12-29 10:50:12.043  9808 10847 I ReactNativeJS: 'ğŸ“¸ [2025-12-29T08:50:12.042Z] Screen captured:', '720x1600'

12-29 10:50:12.045  9808 10847 I ReactNativeJS: 'ğŸ” [2025-12-29T08:50:12.042Z] captureLoop state:', false

12-29 10:50:12.061  9808  9808 D SmartDetectionModule: âœ… ML Kit extraction completed in 1734ms

12-29 10:50:12.061  9808  9808 D SmartDetectionModule: ğŸ“ Extracted text: "10:50 11

12-29 10:50:12.061  9808  9808 D SmartDetectionModule: Start Sequential Capture

12-29 10:50:12.096  9808 11207 D ScreenCaptureModule: ğŸ¯ Processing continuous frame

12-29 10:50:12.216  9808 11207 V ScreenCaptureModule: ğŸ“¸ Continuous frame updated: 720x1600 at 1766998212216

12-29 10:50:12.237  9808 10847 I ReactNativeJS: ğŸ“ [2025-12-29T08:50:10.320Z] ML Kit extraction complete (1913ms): "10:50 11

12-29 10:50:12.238  9808 10847 I ReactNativeJS: ğŸ§  [2025-12-29T08:50:10.320Z] Sending extracted text to backend for classification...

12-29 10:50:12.244  9808 10847 I ReactNativeJS: ğŸ¯ [AI Detection] Starting pipeline with pre-extracted text...

12-29 10:50:12.245  9808 10847 I ReactNativeJS: ğŸ“ [AI Detection] Text length: 253 chars

12-29 10:50:12.248  9808 10847 I ReactNativeJS: ğŸ”„ [AI Detection] Text normalized: 253 -> 251 chars

12-29 10:50:12.251  9808 10847 I ReactNativeJS: 'ğŸ“¸ [2025-12-29T08:50:12.250Z] Screen captured:', '720x1600'

12-29 10:50:12.253  9808 10847 I ReactNativeJS: 'ğŸ” [2025-12-29T08:50:12.250Z] captureLoop state:', false

12-29 10:50:12.362  9808 11207 D ScreenCaptureModule: ğŸ¯ Processing continuous frame

12-29 10:50:12.479  9808 11207 V ScreenCaptureModule: ğŸ“¸ Continuous frame updated: 720x1600 at 1766998212479

12-29 10:50:12.498  9808 10847 I ReactNativeJS: 'ğŸ“¸ [2025-12-29T08:50:12.496Z] Screen captured:', '720x1600'

12-29 10:50:12.499  9808 10847 I ReactNativeJS: 'ğŸ” [2025-12-29T08:50:12.496Z] captureLoop state:', false

12-29 10:50:12.563  9808 11207 D ScreenCaptureModule: ğŸ¯ Processing continuous frame

12-29 10:50:12.679  9808 11207 V ScreenCaptureModule: ğŸ“¸ Continuous frame updated: 720x1600 at 1766998212679

12-29 10:50:12.685  9808 10847 I ReactNativeJS: 'ğŸ“¸ [2025-12-29T08:50:12.683Z] Screen captured:', '720x1600'

12-29 10:50:12.687  9808 10847 I ReactNativeJS: 'ğŸ” [2025-12-29T08:50:12.683Z] captureLoop state:', false

12-29 10:50:12.794  9808 11207 D ScreenCaptureModule: ğŸ¯ Processing continuous frame

12-29 10:50:12.913  9808 11207 V ScreenCaptureModule: ğŸ“¸ Continuous frame updated: 720x1600 at 1766998212913

12-29 10:50:12.921  9808 10847 I ReactNativeJS: 'ğŸ“¸ [2025-12-29T08:50:12.919Z] Screen captured:', '720x1600'

12-29 10:50:12.922  9808 10847 I ReactNativeJS: 'ğŸ” [2025-12-29T08:50:12.919Z] captureLoop state:', false

12-29 10:50:12.926  9808 11207 D ScreenCaptureModule: ğŸ¯ Processing continuous frame

12-29 10:50:13.022  9808 10854 D ScreenCaptureService: 

12-29 10:50:13.022  9808 10854 D ScreenCaptureService: ğŸ”„ â•â•â• STARTING NEW CYCLE â•â•â•

12-29 10:50:13.023  9808 10854 D ScreenCaptureService: âœ… â•â•â• CYCLE COMPLETE (1ms) â•â•â•

12-29 10:50:13.024  9808 10854 D ScreenCaptureService: 

12-29 10:50:13.024  9808 11209 D ScreenCaptureService: ğŸ¬ Processing frame started...

12-29 10:50:13.024  9808 11209 D ScreenCaptureService: ğŸ”¥ HOT PATH: Direct bitmap captured: 720x1600

12-29 10:50:13.024  9808 11209 D ScreenCaptureService: ğŸ¤– Starting ML Kit text extraction...

12-29 10:50:13.024  9808 10854 D ScreenCaptureService: â³ Waiting 3000ms before next cycle...

12-29 10:50:13.031  9808 11209 D LocalTextExtractor: ğŸ¤– ML Kit TextRecognizer initialized with DEFAULT_OPTIONS

12-29 10:50:13.032  9808 11209 D LocalTextExtractor: ğŸ” Starting ML Kit text extraction for bitmap 720x1600

12-29 10:50:13.033  9808 11209 D LocalTextExtractor: ğŸ–¼ï¸ Creating InputImage from bitmap...

12-29 10:50:13.034  9808 11209 D LocalTextExtractor: âœ… InputImage created successfully: 720x1600, format=-1

12-29 10:50:13.035  9808 11209 D LocalTextExtractor: ğŸ” Processing image with ML Kit...

12-29 10:50:13.035  9808 11209 D LocalTextExtractor: ğŸ“Š InputImage details: width=720, height=1600, format=-1

12-29 10:50:13.050  9808 11207 V ScreenCaptureModule: ğŸ“¸ Continuous frame updated: 720x1600 at 1766998213050

12-29 10:50:13.057  9808 11207 D ScreenCaptureModule: ğŸ¯ Processing continuous frame

12-29 10:50:13.100  9808 10847 I ReactNativeJS: 'ğŸ“¸ [2025-12-29T08:50:13.099Z] Screen captured:', '720x1600'

12-29 10:50:13.102  9808 10847 I ReactNativeJS: 'ğŸ” [2025-12-29T08:50:13.099Z] captureLoop state:', false

12-29 10:50:13.179  9808 11207 V ScreenCaptureModule: ğŸ“¸ Continuous frame updated: 720x1600 at 1766998213179

12-29 10:50:13.242  9808 11207 D ScreenCaptureModule: ğŸ¯ Processing continuous frame

12-29 10:50:13.312  9808 10847 I ReactNativeJS: 'ğŸ“¸ [2025-12-29T08:50:13.311Z] Screen captured:', '720x1600'

12-29 10:50:13.313  9808 10847 I ReactNativeJS: 'ğŸ” [2025-12-29T08:50:13.311Z] captureLoop state:', false

12-29 10:50:13.319  9808 10847 I ReactNativeJS: ğŸ§  [AI Detection] Classification: safe_content (99%) - continue

12-29 10:50:13.325  9808 10847 I ReactNativeJS: âœ… [AI Detection] Pipeline complete: 1081ms (Classification: 1059ms)

12-29 10:50:13.327  9808 10847 I ReactNativeJS: ğŸ“Š [2025-12-29T08:50:10.320Z] Complete analysis (3005ms):

12-29 10:50:13.328  9808 10847 I ReactNativeJS:    ğŸ“Š Confidence: 99.0%

12-29 10:50:13.330  9808 10847 I ReactNativeJS:    ğŸ¯ Action: continue

12-29 10:50:13.331  9808 10847 I ReactNativeJS:    â±ï¸ ML Kit: 1913ms | Backend: 1087ms | Total: 3005ms

12-29 10:50:13.332  9808 10847 I ReactNativeJS:    ğŸš€ Advantage: 0.4x faster than Google Vision API

12-29 10:50:13.333  9808 10847 I ReactNativeJS: âœ… [2025-12-29T08:50:10.320Z] Content safe - continuing

12-29 10:50:13.335  9808 10847 I ReactNativeJS: ğŸ”„ [2025-12-29T08:50:13.333Z] Triggering next capture...

12-29 10:50:13.383  9808 11207 V ScreenCaptureModule: ğŸ“¸ Continuous frame updated: 720x1600 at 1766998213383

12-29 10:50:13.413  9808 11207 D ScreenCaptureModule: ğŸ¯ Processing continuous frame

12-29 10:50:13.501  9808 10847 I ReactNativeJS: 'ğŸ“¸ [2025-12-29T08:50:13.500Z] Screen captured:', '720x1600'

12-29 10:50:13.503  9808 10847 I ReactNativeJS: 'ğŸ” [2025-12-29T08:50:13.500Z] captureLoop state:', false

12-29 10:50:13.504  9808 10847 I ReactNativeJS: ğŸ”„ [2025-12-29T08:50:13.500Z] Starting automatic processing...

12-29 10:50:13.506  9808 10847 I ReactNativeJS: ğŸ¤– [2025-12-29T08:50:13.505Z] Starting Local ML Kit text extraction...

12-29 10:50:13.509  9808 10848 D SmartDetectionModule: ğŸ” Starting ML Kit text extraction...

12-29 10:50:13.531  9808 11207 V ScreenCaptureModule: ğŸ“¸ Continuous frame updated: 720x1600 at 1766998213531

12-29 10:50:13.592  9808 11207 D ScreenCaptureModule: ğŸ¯ Processing continuous frame

12-29 10:50:13.682  9808 10847 I ReactNativeJS: 'ğŸ“¸ [2025-12-29T08:50:13.680Z] Screen captured:', '720x1600'

12-29 10:50:13.683  9808 10847 I ReactNativeJS: 'ğŸ” [2025-12-29T08:50:13.680Z] captureLoop state:', false

12-29 10:50:13.715  9808 11207 V ScreenCaptureModule: ğŸ“¸ Continuous frame updated: 720x1600 at 1766998213715

12-29 10:50:13.771  9808  9808 E LocalTextExtractor: âŒ ML Kit processing failed: Failed to run text recognizer text-recognition

12-29 10:50:13.772  9808  9808 E LocalTextExtractor: âŒ Exception type: MlKitException

12-29 10:50:13.772  9808  9808 E LocalTextExtractor: âŒ Exception cause: VisionKit pipeline returns empty result.

12-29 10:50:13.790  9808 11209 E LocalTextExtractor: âŒ Error extracting text: Failed to run text recognizer text-recognition: Failed to run text recognizer text-recognition

12-29 10:50:13.790  9808 11209 E LocalTextExtractor: java.lang.Exception: Failed to run text recognizer text-recognition: Failed to run text recognizer text-recognition

12-29 10:50:13.790  9808 11209 E LocalTextExtractor:    at com.allot.detection.LocalTextExtractor$extractText$visionText$1$2.onFailure(LocalTextExtractor.kt:77)

12-29 10:50:13.790  9808 11209 E LocalTextExtractor:    at com.google.android.gms.tasks.zzk.run(com.google.android.gms:play-services-tasks@@18.0.2:1)

12-29 10:50:13.790  9808 11209 E LocalTextExtractor:    at android.os.Handler.handleCallback(Handler.java:942)

12-29 10:50:13.790  9808 11209 E LocalTextExtractor:    at android.os.Handler.dispatchMessage(Handler.java:99)

12-29 10:50:13.790  9808 11209 E LocalTextExtractor:    at android.os.Looper.loopOnce(Looper.java:201)

12-29 10:50:13.790  9808 11209 E LocalTextExtractor:    at android.os.Looper.loop(Looper.java:288)

12-29 10:50:13.790  9808 11209 E LocalTextExtractor:    at android.app.ActivityThread.main(ActivityThread.java:7941)

12-29 10:50:13.790  9808 11209 E LocalTextExtractor:    at java.lang.reflect.Method.invoke(Native Method)

12-29 10:50:13.790  9808 11209 E LocalTextExtractor:    at com.android.internal.os.RuntimeInit$MethodAndArgsCaller.run(RuntimeInit.java:569)

12-29 10:50:13.790  9808 11209 E LocalTextExtractor:    at com.android.internal.os.ZygoteInit.main(ZygoteInit.java:1015)

12-29 10:50:13.790  9808 11209 E LocalTextExtractor: Caused by: com.google.mlkit.common.MlKitException: Failed to run text recognizer text-recognition

12-29 10:50:13.790  9808 11209 E LocalTextExtractor:    at com.google.mlkit.vision.text.internal.zzc.zza(com.google.android.gms:play-services-mlkit-text-recognition-common@@19.0.0:16)

12-29 10:50:13.790  9808 11209 E LocalTextExtractor:    at com.google.mlkit.vision.text.internal.TextRecognizerTaskWithResource.zze(com.google.android.gms:play-services-mlkit-text-recognition-common@@19.0.0:2)

12-29 10:50:13.790  9808 11209 E LocalTextExtractor:    at com.google.mlkit.vision.text.internal.TextRecognizerTaskWithResource.run(com.google.android.gms:play-services-mlkit-text-recognition-common@@19.0.0:1)

12-29 10:50:13.790  9808 11209 E LocalTextExtractor:    at com.google.mlkit.vision.common.internal.MobileVisionBase.zza(com.google.mlkit:vision-common@@17.3.0:2)

12-29 10:50:13.790  9808 11209 E LocalTextExtractor:    at com.google.mlkit.vision.common.internal.zza.call(Unknown Source:4)

12-29 10:50:13.790  9808 11209 E LocalTextExtractor:    at com.google.mlkit.common.sdkinternal.ModelResource.zza(com.google.mlkit:common@@18.8.0:8)

12-29 10:50:13.790  9808 11209 E LocalTextExtractor:    at com.google.mlkit.common.sdkinternal.zzn.run(Unknown Source:10)

12-29 10:50:13.790  9808 11209 E LocalTextExtractor:    at com.google.mlkit.common.sdkinternal.zzt.run(com.google.mlkit:common@@18.8.0:2)

12-29 10:50:13.790  9808 11209 E LocalTextExtractor:    at com.google.mlkit.common.sdkinternal.MlKitThreadPool.zze(com.google.mlkit:common@@18.8.0:4)

12-29 10:50:13.790  9808 11209 E LocalTextExtractor:    at com.google.mlkit.common.sdkinternal.MlKitThreadPool.zzc(com.google.mlkit:common@@18.8.0:1)

12-29 10:50:13.790  9808 11209 E LocalTextExtractor:    at com.google.mlkit.common.sdkinternal.zzk.run(Unknown Source:2)

12-29 10:50:13.790  9808 11209 E LocalTextExtractor:    at java.util.concurrent.ThreadPoolExecutor.runWorker(ThreadPoolExecutor.java:1154)

12-29 10:50:13.790  9808 11209 E LocalTextExtractor:    at java.util.concurrent.ThreadPoolExecutor$Worker.run(ThreadPoolExecutor.java:652)

12-29 10:50:13.790  9808 11209 E LocalTextExtractor:    at com.google.mlkit.common.sdkinternal.MlKitThreadPool.zzd(com.google.mlkit:common@@18.8.0:2)

12-29 10:50:13.790  9808 11209 E LocalTextExtractor:    at com.google.mlkit.common.sdkinternal.zzi.run(Unknown Source:2)

12-29 10:50:13.790  9808 11209 E LocalTextExtractor:    at java.lang.Thread.run(Thread.java:1563)

12-29 10:50:13.790  9808 11209 E LocalTextExtractor: Caused by: android.os.RemoteException: VisionKit pipeline returns empty result.

12-29 10:50:13.790  9808 11209 E LocalTextExtractor:    at com.google.mlkit.vision.text.pipeline.zbi.zbb(com.google.mlkit:text-recognition-bundled-common@@16.0.0:37)

12-29 10:50:13.790  9808 11209 E LocalTextExtractor:    at com.google.mlkit.vision.text.bundled.common.zba.zbb(com.google.mlkit:text-recognition-bundled-common@@16.0.0:2)

12-29 10:50:13.790  9808 11209 E LocalTextExtractor:    at com.google.android.gms.internal.mlkit_vision_text_bundled_common.zbob.zba(com.google.mlkit:text-recognition-bundled-common@@16.0.0:10)

12-29 10:50:13.790  9808 11209 E LocalTextExtractor:    at com.google.android.gms.internal.mlkit_vision_text_bundled_common.zbb.onTransact(com.google.mlkit:text-recognition-bundled-common@@16.0.0:3)

12-29 10:50:13.790  9808 11209 E LocalTextExtractor:    at android.os.Binder.transact(Binder.java:1164)

12-29 10:50:13.790  9808 11209 E LocalTextExtractor:    at com.google.android.gms.internal.mlkit_vision_text_common.zza.zzb(com.google.android.gms:play-services-mlkit-text-recognition-common@@19.0.0:2)

12-29 10:50:13.790  9808 11209 E LocalTextExtractor:    at com.google.android.gms.internal.mlkit_vision_text_common.zzrw.zzd(com.google.android.gms:play-services-mlkit-text-recognition-common@@19.0.0:4)

12-29 10:50:13.790  9808 11209 E LocalTextExtractor:    at com.google.mlkit.vision.text.internal.zzc.zza(com.google.android.gms:play-services-mlkit-text-recognition-common@@19.0.0:13)

12-29 10:50:13.790  9808 11209 E LocalTextExtractor:    ... 15 more

12-29 10:50:13.793  9808 11209 D ScreenCaptureService: ğŸ” Local ML extraction complete:

12-29 10:50:13.794  9808 11209 D ScreenCaptureService:    ğŸ“ Text: ''

12-29 10:50:13.794  9808 11209 D ScreenCaptureService:    ğŸ“Š Confidence: 0%

12-29 10:50:13.794  9808 11207 D ScreenCaptureModule: ğŸ¯ Processing continuous frame

12-29 10:50:13.794  9808 11209 D ScreenCaptureService:    â±ï¸ ML Time: 769ms

12-29 10:50:13.794  9808 11209 V ScreenCaptureService: â­ï¸ No meaningful text extracted (0 chars), continuing...

12-29 10:50:13.795  9808 11209 D ScreenCaptureService: âœ… Frame processing completed in 770ms

12-29 10:50:13.795  9808 11209 D ScreenCaptureService: ğŸ Frame processing flag cleared

12-29 10:50:13.858  9808 10847 I ReactNativeJS: 'ğŸ“¸ [2025-12-29T08:50:13.857Z] Screen captured:', '720x1600'

12-29 10:50:13.860  9808 10847 I ReactNativeJS: 'ğŸ” [2025-12-29T08:50:13.857Z] captureLoop state:', false

12-29 10:50:13.916  9808 11207 V ScreenCaptureModule: ğŸ“¸ Continuous frame updated: 720x1600 at 1766998213916

12-29 10:50:14.009  9808 11207 D ScreenCaptureModule: ğŸ¯ Processing continuous frame

12-29 10:50:14.025  9808 10847 I ReactNativeJS: 'ğŸ“¸ [2025-12-29T08:50:14.023Z] Screen captured:', '720x1600'

12-29 10:50:14.027  9808 10847 I ReactNativeJS: 'ğŸ” [2025-12-29T08:50:14.023Z] captureLoop state:', false

12-29 10:50:14.124  9808 11207 V ScreenCaptureModule: ğŸ“¸ Continuous frame updated: 720x1600 at 1766998214124

12-29 10:50:14.175  9808 11207 D ScreenCaptureModule: ğŸ¯ Processing continuous frame

12-29 10:50:14.204  9808 10847 I ReactNativeJS: 'ğŸ“¸ [2025-12-29T08:50:14.203Z] Screen captured:', '720x1600'

12-29 10:50:14.206  9808 10847 I ReactNativeJS: 'ğŸ” [2025-12-29T08:50:14.203Z] captureLoop state:', false

12-29 10:50:14.290  9808 11207 V ScreenCaptureModule: ğŸ“¸ Continuous frame updated: 720x1600 at 1766998214289

12-29 10:50:14.358  9808 11207 D ScreenCaptureModule: ğŸ¯ Processing continuous frame

12-29 10:50:14.377  9808 10847 I ReactNativeJS: 'ğŸ“¸ [2025-12-29T08:50:14.375Z] Screen captured:', '720x1600'

12-29 10:50:14.378  9808 10847 I ReactNativeJS: 'ğŸ” [2025-12-29T08:50:14.375Z] captureLoop state:', false

12-29 10:50:14.475  9808 11207 V ScreenCaptureModule: ğŸ“¸ Continuous frame updated: 720x1600 at 1766998214474

12-29 10:50:14.503  9808  9808 D SmartDetectionModule: âœ… ML Kit extraction completed in 994ms

12-29 10:50:14.503  9808  9808 D SmartDetectionModule: ğŸ“ Extracted text: "10:50 1

12-29 10:50:14.503  9808  9808 D SmartDetectionModule: Stop Sequential Capture

12-29 10:50:14.531  9808 11207 D ScreenCaptureModule: ğŸ¯ Processing continuous frame

12-29 10:50:14.569  9808 10847 I ReactNativeJS: 'ğŸ“¸ [2025-12-29T08:50:14.567Z] Screen captured:', '720x1600'

12-29 10:50:14.570  9808 10847 I ReactNativeJS: 'ğŸ” [2025-12-29T08:50:14.567Z] captureLoop state:', false

12-29 10:50:14.574  9808 10847 I ReactNativeJS: ğŸ“ [2025-12-29T08:50:13.505Z] ML Kit extraction complete (1066ms): "10:50 1

12-29 10:50:14.575  9808 10847 I ReactNativeJS: ğŸ§  [2025-12-29T08:50:13.505Z] Sending extracted text to backend for classification...

12-29 10:50:14.576  9808 10847 I ReactNativeJS: ğŸ¯ [AI Detection] Starting pipeline with pre-extracted text...

12-29 10:50:14.578  9808 10847 I ReactNativeJS: ğŸ“ [AI Detection] Text length: 271 chars

12-29 10:50:14.579  9808 10847 I ReactNativeJS: ğŸ”„ [AI Detection] Text normalized: 271 -> 269 chars

12-29 10:50:14.648  9808 11207 V ScreenCaptureModule: ğŸ“¸ Continuous frame updated: 720x1600 at 1766998214648

12-29 10:50:14.730  9808 11207 D ScreenCaptureModule: ğŸ¯ Processing continuous frame

12-29 10:50:14.770  9808 10847 I ReactNativeJS: 'ğŸ“¸ [2025-12-29T08:50:14.769Z] Screen captured:', '720x1600'

12-29 10:50:14.772  9808 10847 I ReactNativeJS: 'ğŸ” [2025-12-29T08:50:14.769Z] captureLoop state:', false

12-29 10:50:14.846  9808 11207 V ScreenCaptureModule: ğŸ“¸ Continuous frame updated: 720x1600 at 1766998214846

12-29 10:50:14.906  9808 11207 D ScreenCaptureModule: ğŸ¯ Processing continuous frame

12-29 10:50:14.942  9808 10847 I ReactNativeJS: 'ğŸ“¸ [2025-12-29T08:50:14.940Z] Screen captured:', '720x1600'

12-29 10:50:14.943  9808 10847 I ReactNativeJS: 'ğŸ” [2025-12-29T08:50:14.940Z] captureLoop state:', false

12-29 10:50:15.020  9808 11207 V ScreenCaptureModule: ğŸ“¸ Continuous frame updated: 720x1600 at 1766998215020

12-29 10:50:15.079  9808 11207 D ScreenCaptureModule: ğŸ¯ Processing continuous frame

12-29 10:50:15.158  9808 10847 I ReactNativeJS: 'ğŸ“¸ [2025-12-29T08:50:15.157Z] Screen captured:', '720x1600'

12-29 10:50:15.160  9808 10847 I ReactNativeJS: 'ğŸ” [2025-12-29T08:50:15.157Z] captureLoop state:', false

12-29 10:50:15.198  9808 11207 V ScreenCaptureModule: ğŸ“¸ Continuous frame updated: 720x1600 at 1766998215198

12-29 10:50:15.255  9808 11207 D ScreenCaptureModule: ğŸ¯ Processing continuous frame

12-29 10:50:15.338  9808 10847 I ReactNativeJS: 'ğŸ“¸ [2025-12-29T08:50:15.336Z] Screen captured:', '720x1600'

12-29 10:50:15.339  9808 10847 I ReactNativeJS: 'ğŸ” [2025-12-29T08:50:15.336Z] captureLoop state:', false

12-29 10:50:15.373  9808 11207 V ScreenCaptureModule: ğŸ“¸ Continuous frame updated: 720x1600 at 1766998215373

12-29 10:50:15.440  9808 11207 D ScreenCaptureModule: ğŸ¯ Processing continuous frame

12-29 10:50:15.539  9808 10847 I ReactNativeJS: 'ğŸ“¸ [2025-12-29T08:50:15.538Z] Screen captured:', '720x1600'

12-29 10:50:15.541  9808 10847 I ReactNativeJS: 'ğŸ” [2025-12-29T08:50:15.538Z] captureLoop state:', false

12-29 10:50:15.558  9808 11207 V ScreenCaptureModule: ğŸ“¸ Continuous frame updated: 720x1600 at 1766998215558

12-29 10:50:15.561  9808 10848 D ScreenCaptureService: ğŸ›‘ Stopping sequential processing loop

12-29 10:50:15.763  9808 10847 I ReactNativeJS: 'ğŸ“¸ [2025-12-29T08:50:15.761Z] Screen captured:', '720x1600'

12-29 10:50:15.764  9808 10847 I ReactNativeJS: 'ğŸ” [2025-12-29T08:50:15.761Z] captureLoop state:', false

12-29 10:50:15.773  9808 10854 E ScreenCaptureService: âŒ Error in sequential processing loop: Job was cancelled

12-29 10:50:15.774  9808 10847 I ReactNativeJS: ğŸ§  [AI Detection] Classification: safe_content (99%) - continue

12-29 10:50:15.775  9808  9808 D ScreenCaptureService: ğŸ”‹ WakeLock released

12-29 10:50:15.775  9808  9808 D ScreenCaptureService: âŒ ScreenCaptureService destroyed

12-29 10:50:15.946  9808 10847 I ReactNativeJS: âœ… [AI Detection] Pipeline complete: 1370ms (Classification: 1188ms)

12-29 10:50:15.947  9808 10847 I ReactNativeJS: ğŸ“Š [2025-12-29T08:50:13.505Z] Complete analysis (2441ms):

12-29 10:50:15.949  9808 10847 I ReactNativeJS:    ğŸ“Š Confidence: 99.0%

12-29 10:50:15.952  9808 10847 I ReactNativeJS:    ğŸ¯ Action: continue

12-29 10:50:15.953  9808 10847 I ReactNativeJS:    â±ï¸ ML Kit: 1066ms | Backend: 1371ms | Total: 2441ms

12-29 10:50:15.954  9808 10847 I ReactNativeJS:    ğŸš€ Advantage: 0.8x faster than Google Vision API

12-29 10:50:15.955  9808 10847 I ReactNativeJS: âœ… [2025-12-29T08:50:13.505Z] Content safe - continuing

12-29 10:50:16.295 11269 11269 W AppInitScheduler|Schedule: Schedule 144:MarkSequentialLoadComplete, deps=[57] (51 pending tasks)

12-29 10:50:16.782 11269 11312 W AppInitScheduler|Schedule:   Executing 144:MarkSequentialLoadComplete

12-29 10:50:16.782 11269 11311 W AppInitScheduler|Run: Running MarkSequentialLoadComplete

12-29 10:50:16.782 11269 11311 W AppInitScheduler|Run:   Finished MarkSequentialLoadComplete in 0ms

12-29 10:50:18.348  9808 10847 I ReactNativeJS: ğŸ¯ [2025-12-29T08:50:18.347Z] Calling captureNextFrame...

12-29 10:51:17.185 12246 12246 W AppInitScheduler|Schedule: Schedule 144:MarkSequentialLoadComplete, deps=[57] (50 pending tasks)

12-29 10:51:17.665 12246 12291 W AppInitScheduler|Schedule:   Executing 144:MarkSequentialLoadComplete

12-29 10:51:17.665 12246 12302 W AppInitScheduler|Run: Running MarkSequentialLoadComplete

12-29 10:51:17.665 12246 12302 W AppInitScheduler|Run:   Finished MarkSequentialLoadComplete in 0ms

12-29 10:51:34.986 13001 13001 W AppInitScheduler|Schedule: Schedule 144:MarkSequentialLoadComplete, deps=[57] (51 pending tasks)

12-29 10:51:35.475 13001 13046 W AppInitScheduler|Schedule:   Executing 144:MarkSequentialLoadComplete

12-29 10:51:35.476 13001 13057 W AppInitScheduler|Run: Running MarkSequentialLoadComplete

12-29 10:51:35.476 13001 13057 W AppInitScheduler|Run:   Finished MarkSequentialLoadComplete in 0ms





somewhere it failed somewhere its unsure, in backend i see, 2025-12-29T08:48:56.326397Z  INFO ğŸš€ Starting Allot AI Detection Backend (Merged System - Ver 2.0)

2025-12-29T08:48:56.326434Z  INFO ğŸ§  Model: openai/gpt-oss-20b

2025-12-29T08:48:56.326439Z  INFO ğŸ¤– OCR: Local ML Kit (on-device) + Google Vision API (legacy fallback)

2025-12-29T08:48:56.328718Z  INFO ğŸŒ Server listening on http://0.0.0.0:3000

2025-12-29T08:48:56.328727Z  INFO ğŸ“± Device should connect to http://192.168.100.47:3000

2025-12-29T08:48:56.328731Z  INFO ğŸ“¡ Ready to receive screen captures

2025-12-29T08:50:12.415409Z  INFO ğŸ“¸ [00b4fcc6-69dc-458d-95ff-eb355a1d72c7] Received request: 720x1600 (source: local_ml_kit)

2025-12-29T08:50:12.415454Z  INFO ğŸ¤– [00b4fcc6-69dc-458d-95ff-eb355a1d72c7] Using pre-extracted text from Local ML Kit: 253 chars

2025-12-29T08:50:12.415520Z  INFO ğŸ”„ [00b4fcc6-69dc-458d-95ff-eb355a1d72c7] Text filtered & normalized: 253 -> 253 -> 251 chars

2025-12-29T08:50:12.415563Z  INFO ğŸ”‘ [00b4fcc6-69dc-458d-95ff-eb355a1d72c7] Text hash: e151045693e31a2c

2025-12-29T08:50:12.415577Z  INFO ğŸ” [00b4fcc6-69dc-458d-95ff-eb355a1d72c7] Cache MISS - analyzing with AI

2025-12-29T08:50:12.741164Z  INFO ğŸ§  [00b4fcc6-69dc-458d-95ff-eb355a1d72c7] Classification complete: safe_content (99.00% confidence) (325ms) | Tokens: 322 in, 74 out, 396 total

2025-12-29T08:50:12.741215Z  INFO ğŸ’¾ [00b4fcc6-69dc-458d-95ff-eb355a1d72c7] Result cached for future requests

2025-12-29T08:50:12.741223Z  INFO âœ… [00b4fcc6-69dc-458d-95ff-eb355a1d72c7] â•â•â•â•â•â•â•â•â•â•â•â•â•â•â•â•â•â•â•â•â•â•â•â•â•â•â•â•â•â•â•â•â•â•â•â•â•â•â•

2025-12-29T08:50:12.741229Z  INFO âœ… [00b4fcc6-69dc-458d-95ff-eb355a1d72c7] ANALYSIS COMPLETE

2025-12-29T08:50:12.741234Z  INFO âœ… [00b4fcc6-69dc-458d-95ff-eb355a1d72c7] â•â•â•â•â•â•â•â•â•â•â•â•â•â•â•â•â•â•â•â•â•â•â•â•â•â•â•â•â•â•â•â•â•â•â•â•â•â•â•

2025-12-29T08:50:12.741249Z  INFO ğŸ“ [00b4fcc6-69dc-458d-95ff-eb355a1d72c7] Extracted Text (253 chars):

2025-12-29T08:50:12.741261Z  INFO    "10:50 11

Screen Capture

Screen Capture System

Real-time screen analysis for content

filtering

STATUS

STOPPED

INTERVAL

100ms

PERMISSION

GRANTED

Controls

Capture Interval

100ms

TOTAL CAPTURES

500ms

0

PR..."

2025-12-29T08:50:12.741274Z  INFO ğŸ·ï¸  [00b4fcc6-69dc-458d-95ff-eb355a1d72c7] Category: safe_content

2025-12-29T08:50:12.741279Z  INFO ğŸ“Š [00b4fcc6-69dc-458d-95ff-eb355a1d72c7] Confidence: 99.0%

2025-12-29T08:50:12.741289Z  INFO âš ï¸  [00b4fcc6-69dc-458d-95ff-eb355a1d72c7] Harmful: NO âœ…

2025-12-29T08:50:12.741294Z  INFO ğŸ¯ [00b4fcc6-69dc-458d-95ff-eb355a1d72c7] Action: CONTINUE

2025-12-29T08:50:12.741299Z  INFO ğŸ’¡ [00b4fcc6-69dc-458d-95ff-eb355a1d72c7] Recommendation: No war-related content detected.

2025-12-29T08:50:12.741304Z  INFO â±ï¸  [00b4fcc6-69dc-458d-95ff-eb355a1d72c7] Timing: Total=325ms (OCR=0ms, LLM=325ms)

2025-12-29T08:50:12.741310Z  INFO âœ… [00b4fcc6-69dc-458d-95ff-eb355a1d72c7] â•â•â•â•â•â•â•â•â•â•â•â•â•â•â•â•â•â•â•â•â•â•â•â•â•â•â•â•â•â•â•â•â•â•â•â•â•â•â•

2025-12-29T08:50:14.686470Z  INFO ğŸ“¸ [d24fd029-f609-441b-ba7c-de2aed68bef5] Received request: 720x1600 (source: local_ml_kit)

2025-12-29T08:50:14.686502Z  INFO ğŸ¤– [d24fd029-f609-441b-ba7c-de2aed68bef5] Using pre-extracted text from Local ML Kit: 271 chars

2025-12-29T08:50:14.686560Z  INFO ğŸ”„ [d24fd029-f609-441b-ba7c-de2aed68bef5] Text filtered & normalized: 271 -> 271 -> 269 chars

2025-12-29T08:50:14.686589Z  INFO ğŸ”‘ [d24fd029-f609-441b-ba7c-de2aed68bef5] Text hash: 87a637e409367b1c

2025-12-29T08:50:14.686597Z  INFO ğŸ” [d24fd029-f609-441b-ba7c-de2aed68bef5] Cache MISS - analyzing with AI

2025-12-29T08:50:15.096900Z  INFO ğŸ§  [d24fd029-f609-441b-ba7c-de2aed68bef5] Classification complete: safe_content (99.00% confidence) (410ms) | Tokens: 325 in, 93 out, 418 total

2025-12-29T08:50:15.097002Z  INFO ğŸ’¾ [d24fd029-f609-441b-ba7c-de2aed68bef5] Result cached for future requests

2025-12-29T08:50:15.097014Z  INFO âœ… [d24fd029-f609-441b-ba7c-de2aed68bef5] â•â•â•â•â•â•â•â•â•â•â•â•â•â•â•â•â•â•â•â•â•â•â•â•â•â•â•â•â•â•â•â•â•â•â•â•â•â•â•

2025-12-29T08:50:15.097023Z  INFO âœ… [d24fd029-f609-441b-ba7c-de2aed68bef5] ANALYSIS COMPLETE

2025-12-29T08:50:15.097030Z  INFO âœ… [d24fd029-f609-441b-ba7c-de2aed68bef5] â•â•â•â•â•â•â•â•â•â•â•â•â•â•â•â•â•â•â•â•â•â•â•â•â•â•â•â•â•â•â•â•â•â•â•â•â•â•â•

2025-12-29T08:50:15.097041Z  INFO ğŸ“ [d24fd029-f609-441b-ba7c-de2aed68bef5] Extracted Text (271 chars):

2025-12-29T08:50:15.097060Z  INFO    "10:50 1

Screen Capture

Screen Capture System

Real-time screen analysis for content

filtering

STATUS

SEQUENTIAL

INTERVAL

100ms

PERMISSION

GRANTED

Controls

Capture Interval

100ms

500ms

TOTAL CAPTURES

La..."

2025-12-29T08:50:15.097077Z  INFO ğŸ·ï¸  [d24fd029-f609-441b-ba7c-de2aed68bef5] Category: safe_content

2025-12-29T08:50:15.097084Z  INFO ğŸ“Š [d24fd029-f609-441b-ba7c-de2aed68bef5] Confidence: 99.0%

2025-12-29T08:50:15.097092Z  INFO âš ï¸  [d24fd029-f609-441b-ba7c-de2aed68bef5] Harmful: NO âœ…

2025-12-29T08:50:15.097100Z  INFO ğŸ¯ [d24fd029-f609-441b-ba7c-de2aed68bef5] Action: CONTINUE

2025-12-29T08:50:15.097109Z  INFO ğŸ’¡ [d24fd029-f609-441b-ba7c-de2aed68bef5] Recommendation: No war content detected.

2025-12-29T08:50:15.097117Z  INFO â±ï¸  [d24fd029-f609-441b-ba7c-de2aed68bef5] Timing: Total=410ms (OCR=0ms, LLM=410ms)

2025-12-29T08:50:15.097129Z  INFO âœ… [d24fd029-f609-441b-ba7c-de2aed68bef5] â•â•â•â•â•â•â•â•â•â•â•â•â•â•â•â•â•â•â•â•â•â•â•â•â•â•â•â•â•â•â•â•â•â•â•â•â•â•â•



aka only to succesful extraction witch is perfectly fine 5 sec - 2 cycles its perfect, but lets try to remove the uneeded capture since it ruins performance